2.2113 	INFO 	Loaded monitor calibration from ['2026_09_12 09:24']
2.2466 	WARNING 	User requested fullscreen with size [1024  768], but screen is actually [3840, 2160]. Using actual size
2.4019 	INFO 	Using renderer 'AMD Radeon RX 6900 XT (radeonsi, navi21, ACO, DRM 3.64, 7.2.4-3-cachyos)' for graphics
2.4019 	INFO 	OpenGL version supported by driver is 4..
2.4112 	EXP 	Created window1 = Window(allowGUI=False, allowStencil=False, autoLog=True, backendConf=UNKNOWN, backgroundFit=<method-wrapper '__getattribute__' of attributeSetter object at 0x7f7c2a21ccd0>, backgroundImage=<method-wrapper '__getattribute__' of attributeSetter object at 0x7f7c2a20aed0>, bitsMode=UNKNOWN, blendMode='avg', bpc=(8, 8, 8), color=array([0, 0, 0]), colorSpace='rgb', depthBits=8, fullscr=True, gamma=None, gammaErrorPolicy='raise', infoMsg=UNKNOWN, lms=UNKNOWN, monitor=<psychopy.monitors.calibTools.Monitor object at 0x7f7c29fd0350>, multiSample=False, name='window1', numSamples=2, pos=[np.float64(0.0), np.float64(0.0)], screen=0, size=array([3840, 2160]), stencilBits=0, stereo=False, title='PsychoPy', units='height', useFBO=True, useRetina=False, viewOri=0.0, viewPos=None, viewScale=None, waitBlanking=True, winType='pyglet')
2.4113 	EXP 	window1: backgroundImage = ''
2.4113 	EXP 	window1: backgroundFit = 'none'
2.5049 	EXP 	window1: Attempting to measure frame rate of screen (0) ...
2.5049 	EXP 	window1: recordFrameIntervals = False
2.5462 	EXP 	window1: recordFrameIntervals = True
2.9630 	EXP 	window1: recordFrameIntervals = False
2.9630 	EXP 	Screen (0) actual frame rate measured at 240.03Hz
2.9707 	INFO 	keyboard.Keyboard is using ptb backend.
2.9707 	EXP 	posner_task: status = STARTED
3.0331 	EXP 	Created instructionsText = TextStim(__class__=<class 'psychopy.visual.text.TextStim'>, alignHoriz=method-wrapper(...), alignText='center', alignVert=method-wrapper(...), anchorHoriz='center', anchorVert='center', antialias=True, autoDraw=False, autoLog=True, bold=False, color=array([1., 1., 1.]), colorSpace='rgb', contrast=1.0, depth=0.0, draggable=False, flipHoriz=False, flipVert=False, font='Arial', fontFiles=[], height=np.float64(0.05), italic=False, languageStyle='LTR', name='instructionsText', opacity=1, ori=0.0, pos=array([0., 0.]), rgb=UNKNOWN, text=str(...), units='height', win=Window(...), wrapWidth=1)
3.0348 	EXP 	Created fixation = ImageStim(__class__=<class 'psychopy.visual.image.ImageStim'>, anchor=('center', 'center'), autoLog=True, color=array([1., 1., 1.]), colorSpace='rgb', contrast=1.0, depth=-1.0, draggable=False, flipHoriz=np.False_, flipVert=np.False_, image='posner/fixation_cross.png', interpolate=True, mask=None, maskParams=None, name='fixation', opacity=1, ori=0.0, pos=array([0., 0.]), size=array([0.3, 0.3]), texRes=128.0, units='height', win=Window(...))
3.0361 	EXP 	Created boxLeft = ImageStim(__class__=<class 'psychopy.visual.image.ImageStim'>, anchor=('center', 'center'), autoLog=True, color=array([1., 1., 1.]), colorSpace='rgb', contrast=1.0, depth=-2.0, draggable=False, flipHoriz=np.False_, flipVert=np.False_, image='posner/box.png', interpolate=True, mask=None, maskParams=None, name='boxLeft', opacity=1, ori=0.0, pos=array([-0.5,  0. ]), size=array([0.3, 0.3]), texRes=128.0, units='height', win=Window(...))
3.0373 	EXP 	Created boxRight = ImageStim(__class__=<class 'psychopy.visual.image.ImageStim'>, anchor=('center', 'center'), autoLog=True, color=array([1., 1., 1.]), colorSpace='rgb', contrast=1.0, depth=-3.0, draggable=False, flipHoriz=np.False_, flipVert=np.False_, image='posner/box.png', interpolate=True, mask=None, maskParams=None, name='boxRight', opacity=1, ori=0.0, pos=array([0.5, 0. ]), size=array([0.3, 0.3]), texRes=128.0, units='height', win=Window(...))
3.0392 	EXP 	Created cue = ImageStim(__class__=<class 'psychopy.visual.image.ImageStim'>, anchor=('center', 'center'), autoLog=True, color=array([1., 1., 1.]), colorSpace='rgb', contrast=1.0, depth=-4.0, draggable=False, flipHoriz=np.False_, flipVert=np.False_, image='default.png', interpolate=True, mask=None, maskParams=None, name='cue', opacity=1, ori=0.0, pos=array([0., 0.]), size=array([0.3, 0.3]), texRes=128.0, units='height', win=Window(...))
3.0410 	EXP 	Created target = ImageStim(__class__=<class 'psychopy.visual.image.ImageStim'>, anchor=('center', 'center'), autoLog=True, color=array([1., 1., 1.]), colorSpace='rgb', contrast=1.0, depth=-5.0, draggable=False, flipHoriz=np.False_, flipVert=np.False_, image='default.png', interpolate=True, mask=None, maskParams=None, name='target', opacity=1, ori=0.0, pos=array([0., 0.]), size=array([0.3, 0.3]), texRes=128.0, units='height', win=Window(...))
3.0418 	EXP 	Created blank = ImageStim(__class__=<class 'psychopy.visual.image.ImageStim'>, anchor=('center', 'center'), autoLog=True, color=array([1., 1., 1.]), colorSpace='rgb', contrast=1.0, depth=-1.0, draggable=False, flipHoriz=np.False_, flipVert=np.False_, image=None, interpolate=True, mask=None, maskParams=None, name='blank', opacity=1, ori=0.0, pos=array([0., 0.]), size=array([0.5, 0.5]), texRes=128.0, units='height', win=Window(...))
3.0451 	EXP 	Created endText = TextStim(__class__=<class 'psychopy.visual.text.TextStim'>, alignHoriz=method-wrapper(...), alignText='center', alignVert=method-wrapper(...), anchorHoriz='center', anchorVert='center', antialias=True, autoDraw=False, autoLog=True, bold=False, color=array([1., 1., 1.]), colorSpace='rgb', contrast=1.0, depth=0.0, draggable=False, flipHoriz=False, flipVert=False, font='Arial', fontFiles=[], height=np.float64(0.05), italic=False, languageStyle='LTR', name='endText', opacity=1, ori=0.0, pos=array([0., 0.]), rgb=UNKNOWN, text=str(...), units='height', win=Window(...), wrapWidth=1)
0.0021 	INFO 	Keyboard events cleared
0.0020 	EXP 	instructionsText: autoDraw = True
0.8810 	EXP 	Device response: <KeyPress from None: t=0.8772945404052734, value=right, duration=None>
0.8855 	EXP 	Imported conditions.xlsx as conditions, 21 conditions, 5 params
0.8857 	EXP 	New trial (rep=0, index=0): <Trial 0 (0 in rep 0) data={'cueType': 'exogenous', 'validity': 'valid', 'cueSide': 'right', 'targetSide': 'right', 'cueFile': 'posner/cue_box.png', 'thisN': 0, 'thisTrialN': 0, 'thisRepN': 0}>
0.8868 	EXP 	CODE: 0 TRIGGER: (FIX_ONSET) TIMESTAMP: 3.931970
0.8875 	DATA 	Keypress: right
0.8879 	EXP 	instructionsText: autoDraw = False
0.8879 	EXP 	cue: image = 'posner/cue_box.png'
0.8879 	EXP 	target: image = 'posner/target_dot.png'
0.8879 	EXP 	fixation: autoDraw = True
0.8879 	EXP 	boxLeft: autoDraw = True
0.8879 	EXP 	boxRight: autoDraw = True
1.0144 	EXP 	Device response: <KeyPress from None: t=0.8772945404052734, value=right, duration=0.13295555114746094>
1.3686 	EXP 	cue: autoDraw = True
1.3811 	EXP 	CODE: 12 TRIGGER: (CUE_RIGHT) TIMESTAMP: 4.426256
1.4561 	EXP 	cue: autoDraw = False
1.9897 	INFO 	Keyboard events cleared
1.9896 	EXP 	target: autoDraw = True
2.0022 	EXP 	CODE: 22 TRIGGER: (TARGET_RIGHT) TIMESTAMP: 5.047363
2.2816 	EXP 	Device response: <KeyPress from None: t=2.279463291168213, value=right, duration=None>
2.2816 	EXP 	CODE: 31 TRIGGER: (RESPONSE_CORRECT) TIMESTAMP: 5.326761
2.2817 	EXP 	CODE: 40 TRIGGER: (ITI_ONSET) TIMESTAMP: 5.326803
2.2819 	DATA 	Keypress: right
2.2856 	EXP 	fixation: autoDraw = False
2.2856 	EXP 	boxLeft: autoDraw = False
2.2856 	EXP 	boxRight: autoDraw = False
2.2856 	EXP 	cue: autoDraw = False
2.2856 	EXP 	target: autoDraw = False
2.2856 	EXP 	blank: autoDraw = True
2.4024 	EXP 	Device response: <KeyPress from None: t=2.279463291168213, value=right, duration=0.12195849418640137>
3.1405 	EXP 	New trial (rep=0, index=1): <Trial 1 (1 in rep 0) data={'cueType': 'exogenous', 'validity': 'valid', 'cueSide': 'left', 'targetSide': 'left', 'cueFile': 'posner/cue_box.png', 'thisN': 1, 'thisTrialN': 1, 'thisRepN': 0}>
3.1417 	EXP 	CODE: 0 TRIGGER: (FIX_ONSET) TIMESTAMP: 6.186801
3.1442 	EXP 	blank: autoDraw = False
3.1442 	EXP 	blank: autoDraw = False
3.1442 	EXP 	cue: image = 'posner/cue_box.png'
3.1442 	EXP 	target: image = 'posner/target_dot.png'
3.1442 	EXP 	fixation: autoDraw = True
3.1442 	EXP 	boxLeft: autoDraw = True
3.1442 	EXP 	boxRight: autoDraw = True
3.6277 	EXP 	cue: autoDraw = True
3.6406 	EXP 	CODE: 11 TRIGGER: (CUE_LEFT) TIMESTAMP: 6.685686
3.7153 	EXP 	cue: autoDraw = False
4.1905 	INFO 	Keyboard events cleared
4.1904 	EXP 	target: autoDraw = True
4.2029 	EXP 	CODE: 21 TRIGGER: (TARGET_LEFT) TIMESTAMP: 7.248074
4.4283 	EXP 	Device response: <KeyPress from None: t=4.424710750579834, value=left, duration=None>
4.4284 	EXP 	CODE: 31 TRIGGER: (RESPONSE_CORRECT) TIMESTAMP: 7.473510
4.4284 	EXP 	CODE: 40 TRIGGER: (ITI_ONSET) TIMESTAMP: 7.473542
4.4286 	DATA 	Keypress: left
4.4322 	EXP 	fixation: autoDraw = False
4.4322 	EXP 	boxLeft: autoDraw = False
4.4322 	EXP 	boxRight: autoDraw = False
4.4322 	EXP 	cue: autoDraw = False
4.4322 	EXP 	target: autoDraw = False
4.4322 	EXP 	blank: autoDraw = True
4.5323 	EXP 	Device response: <KeyPress from None: t=4.424710750579834, value=left, duration=0.10423493385314941>
5.2367 	EXP 	New trial (rep=0, index=2): <Trial 2 (2 in rep 0) data={'cueType': 'exogenous', 'validity': 'valid', 'cueSide': 'left', 'targetSide': 'left', 'cueFile': 'posner/cue_box.png', 'thisN': 2, 'thisTrialN': 2, 'thisRepN': 0}>
5.2377 	EXP 	CODE: 0 TRIGGER: (FIX_ONSET) TIMESTAMP: 8.282816
5.2408 	EXP 	blank: autoDraw = False
5.2408 	EXP 	blank: autoDraw = False
5.2408 	EXP 	cue: image = 'posner/cue_box.png'
5.2408 	EXP 	target: image = 'posner/target_dot.png'
5.2408 	EXP 	fixation: autoDraw = True
5.2408 	EXP 	boxLeft: autoDraw = True
5.2408 	EXP 	boxRight: autoDraw = True
5.7243 	EXP 	cue: autoDraw = True
5.7368 	EXP 	CODE: 11 TRIGGER: (CUE_LEFT) TIMESTAMP: 8.781939
5.8121 	EXP 	cue: autoDraw = False
6.1915 	INFO 	Keyboard events cleared
6.1915 	EXP 	target: autoDraw = True
6.2036 	EXP 	CODE: 21 TRIGGER: (TARGET_LEFT) TIMESTAMP: 9.248760
6.4496 	EXP 	Device response: <KeyPress from None: t=6.448949813842773, value=left, duration=None>
6.4497 	EXP 	CODE: 31 TRIGGER: (RESPONSE_CORRECT) TIMESTAMP: 9.494797
6.4497 	EXP 	CODE: 40 TRIGGER: (ITI_ONSET) TIMESTAMP: 9.494831
6.4499 	DATA 	Keypress: left
6.4537 	EXP 	fixation: autoDraw = False
6.4537 	EXP 	boxLeft: autoDraw = False
6.4537 	EXP 	boxRight: autoDraw = False
6.4537 	EXP 	cue: autoDraw = False
6.4537 	EXP 	target: autoDraw = False
6.4537 	EXP 	blank: autoDraw = True
6.5538 	EXP 	Device response: <KeyPress from None: t=6.448949813842773, value=left, duration=0.10294508934020996>
7.2628 	EXP 	New trial (rep=0, index=3): <Trial 3 (3 in rep 0) data={'cueType': None, 'validity': None, 'cueSide': None, 'targetSide': None, 'cueFile': None, 'thisN': 3, 'thisTrialN': 3, 'thisRepN': 0}>
7.2635 	EXP 	CODE: 0 TRIGGER: (FIX_ONSET) TIMESTAMP: 10.308615
7.2665 	EXP 	blank: autoDraw = False
7.2665 	EXP 	blank: autoDraw = False
7.2665 	EXP 	cue: image = None
7.2665 	EXP 	target: image = 'posner/target_dot.png'
7.2665 	EXP 	fixation: autoDraw = True
7.2665 	EXP 	boxLeft: autoDraw = True
7.2665 	EXP 	boxRight: autoDraw = True
7.7500 	EXP 	cue: autoDraw = True
7.7628 	EXP 	CODE: 12 TRIGGER: (CUE_RIGHT) TIMESTAMP: 10.807921
7.8375 	EXP 	cue: autoDraw = False
8.3669 	INFO 	Keyboard events cleared
8.3669 	EXP 	target: autoDraw = True
8.3797 	EXP 	CODE: 22 TRIGGER: (TARGET_RIGHT) TIMESTAMP: 11.424869
8.9046 	EXP 	Device response: <KeyPress from None: t=8.90221118927002, value=right, duration=None>
8.9046 	EXP 	CODE: 30 TRIGGER: (RESPONSE_INCORRECT) TIMESTAMP: 11.949777
8.9047 	EXP 	CODE: 40 TRIGGER: (ITI_ONSET) TIMESTAMP: 11.949809
8.9048 	DATA 	Keypress: right
8.9087 	EXP 	fixation: autoDraw = False
8.9087 	EXP 	boxLeft: autoDraw = False
8.9087 	EXP 	boxRight: autoDraw = False
8.9087 	EXP 	cue: autoDraw = False
8.9087 	EXP 	target: autoDraw = False
8.9087 	EXP 	blank: autoDraw = True
9.0008 	EXP 	Device response: <KeyPress from None: t=8.90221118927002, value=right, duration=0.09698677062988281>
9.7257 	EXP 	New trial (rep=0, index=4): <Trial 4 (4 in rep 0) data={'cueType': 'exogenous', 'validity': 'valid', 'cueSide': 'left', 'targetSide': 'left', 'cueFile': 'posner/cue_box.png', 'thisN': 4, 'thisTrialN': 4, 'thisRepN': 0}>
9.7266 	EXP 	CODE: 0 TRIGGER: (FIX_ONSET) TIMESTAMP: 12.771715
9.7298 	EXP 	blank: autoDraw = False
9.7298 	EXP 	blank: autoDraw = False
9.7298 	EXP 	cue: image = 'posner/cue_box.png'
9.7298 	EXP 	target: image = 'posner/target_dot.png'
9.7298 	EXP 	fixation: autoDraw = True
9.7298 	EXP 	boxLeft: autoDraw = True
9.7298 	EXP 	boxRight: autoDraw = True
10.2133 	EXP 	cue: autoDraw = True
10.2259 	EXP 	CODE: 11 TRIGGER: (CUE_LEFT) TIMESTAMP: 13.270983
10.3008 	EXP 	cue: autoDraw = False
10.8636 	INFO 	Keyboard events cleared
10.8636 	EXP 	target: autoDraw = True
10.8803 	EXP 	CODE: 21 TRIGGER: (TARGET_LEFT) TIMESTAMP: 13.925380
11.1471 	EXP 	Device response: <KeyPress from None: t=11.143505334854126, value=left, duration=None>
11.1471 	EXP 	CODE: 31 TRIGGER: (RESPONSE_CORRECT) TIMESTAMP: 14.192266
11.1472 	EXP 	CODE: 40 TRIGGER: (ITI_ONSET) TIMESTAMP: 14.192302
11.1473 	DATA 	Keypress: left
11.1513 	EXP 	fixation: autoDraw = False
11.1513 	EXP 	boxLeft: autoDraw = False
11.1513 	EXP 	boxRight: autoDraw = False
11.1513 	EXP 	cue: autoDraw = False
11.1513 	EXP 	target: autoDraw = False
11.1513 	EXP 	blank: autoDraw = True
11.2596 	EXP 	Device response: <KeyPress from None: t=11.143505334854126, value=left, duration=0.11397576332092285>
11.9890 	EXP 	New trial (rep=0, index=5): <Trial 5 (5 in rep 0) data={'cueType': 'exogenous', 'validity': 'valid', 'cueSide': 'right', 'targetSide': 'right', 'cueFile': 'posner/cue_box.png', 'thisN': 5, 'thisTrialN': 5, 'thisRepN': 0}>
11.9901 	EXP 	CODE: 0 TRIGGER: (FIX_ONSET) TIMESTAMP: 15.035215
11.9931 	EXP 	blank: autoDraw = False
11.9931 	EXP 	blank: autoDraw = False
11.9931 	EXP 	cue: image = 'posner/cue_box.png'
11.9931 	EXP 	target: image = 'posner/target_dot.png'
11.9931 	EXP 	fixation: autoDraw = True
11.9931 	EXP 	boxLeft: autoDraw = True
11.9931 	EXP 	boxRight: autoDraw = True
12.4766 	EXP 	cue: autoDraw = True
12.4892 	EXP 	CODE: 12 TRIGGER: (CUE_RIGHT) TIMESTAMP: 15.534318
12.5641 	EXP 	cue: autoDraw = False
13.1227 	INFO 	Keyboard events cleared
13.1227 	EXP 	target: autoDraw = True
13.1354 	EXP 	CODE: 22 TRIGGER: (TARGET_RIGHT) TIMESTAMP: 16.180485
13.3359 	DATA 	Keypress: right
13.3395 	EXP 	Device response: <KeyPress from None: t=13.335744142532349, value=right, duration=None>
13.3395 	EXP 	CODE: 31 TRIGGER: (RESPONSE_CORRECT) TIMESTAMP: 16.384659
13.3396 	EXP 	CODE: 40 TRIGGER: (ITI_ONSET) TIMESTAMP: 16.384697
13.3436 	EXP 	fixation: autoDraw = False
13.3436 	EXP 	boxLeft: autoDraw = False
13.3436 	EXP 	boxRight: autoDraw = False
13.3436 	EXP 	cue: autoDraw = False
13.3436 	EXP 	target: autoDraw = False
13.3436 	EXP 	blank: autoDraw = True
13.4187 	EXP 	Device response: <KeyPress from None: t=13.335744142532349, value=right, duration=0.07996654510498047>
14.1815 	EXP 	New trial (rep=0, index=6): <Trial 6 (6 in rep 0) data={'cueType': 'exogenous', 'validity': 'valid', 'cueSide': 'right', 'targetSide': 'right', 'cueFile': 'posner/cue_box.png', 'thisN': 6, 'thisTrialN': 6, 'thisRepN': 0}>
14.1826 	EXP 	CODE: 0 TRIGGER: (FIX_ONSET) TIMESTAMP: 17.227725
14.1855 	EXP 	blank: autoDraw = False
14.1855 	EXP 	blank: autoDraw = False
14.1855 	EXP 	cue: image = 'posner/cue_box.png'
14.1855 	EXP 	target: image = 'posner/target_dot.png'
14.1855 	EXP 	fixation: autoDraw = True
14.1855 	EXP 	boxLeft: autoDraw = True
14.1855 	EXP 	boxRight: autoDraw = True
14.6690 	EXP 	cue: autoDraw = True
14.6816 	EXP 	CODE: 12 TRIGGER: (CUE_RIGHT) TIMESTAMP: 17.726733
14.7566 	EXP 	cue: autoDraw = False
15.3401 	INFO 	Keyboard events cleared
15.3401 	EXP 	target: autoDraw = True
15.3526 	EXP 	CODE: 22 TRIGGER: (TARGET_RIGHT) TIMESTAMP: 18.397758
15.5569 	EXP 	Device response: <KeyPress from None: t=15.5559823513031, value=right, duration=None>
15.5570 	EXP 	CODE: 31 TRIGGER: (RESPONSE_CORRECT) TIMESTAMP: 18.602110
15.5570 	EXP 	CODE: 40 TRIGGER: (ITI_ONSET) TIMESTAMP: 18.602151
15.5572 	DATA 	Keypress: right
15.5610 	EXP 	fixation: autoDraw = False
15.5610 	EXP 	boxLeft: autoDraw = False
15.5610 	EXP 	boxRight: autoDraw = False
15.5610 	EXP 	cue: autoDraw = False
15.5610 	EXP 	target: autoDraw = False
15.5610 	EXP 	blank: autoDraw = True
15.6653 	EXP 	Device response: <KeyPress from None: t=15.5559823513031, value=right, duration=0.1061868667602539>
16.3656 	EXP 	New trial (rep=0, index=7): <Trial 7 (7 in rep 0) data={'cueType': 'endogenous', 'validity': 'invalid', 'cueSide': 'right', 'targetSide': 'left', 'cueFile': 'posner/cue_arrow_left.png', 'thisN': 7, 'thisTrialN': 7, 'thisRepN': 0}>
16.3666 	EXP 	CODE: 0 TRIGGER: (FIX_ONSET) TIMESTAMP: 19.411766
16.3696 	EXP 	blank: autoDraw = False
16.3696 	EXP 	blank: autoDraw = False
16.3696 	EXP 	cue: image = 'posner/cue_arrow_left.png'
16.3696 	EXP 	target: image = 'posner/target_dot.png'
16.3696 	EXP 	fixation: autoDraw = True
16.3696 	EXP 	boxLeft: autoDraw = True
16.3696 	EXP 	boxRight: autoDraw = True
16.8531 	EXP 	cue: autoDraw = True
16.8657 	EXP 	CODE: 12 TRIGGER: (CUE_RIGHT) TIMESTAMP: 19.910789
16.9406 	EXP 	cue: autoDraw = False
17.2200 	INFO 	Keyboard events cleared
17.2199 	EXP 	target: autoDraw = True
17.2366 	EXP 	CODE: 21 TRIGGER: (TARGET_LEFT) TIMESTAMP: 20.281743
17.4992 	EXP 	Device response: <KeyPress from None: t=17.496206998825073, value=left, duration=None>
17.4993 	EXP 	CODE: 31 TRIGGER: (RESPONSE_CORRECT) TIMESTAMP: 20.544442
17.4993 	EXP 	CODE: 40 TRIGGER: (ITI_ONSET) TIMESTAMP: 20.544472
17.4995 	DATA 	Keypress: left
17.5037 	EXP 	fixation: autoDraw = False
17.5037 	EXP 	boxLeft: autoDraw = False
17.5037 	EXP 	boxRight: autoDraw = False
17.5037 	EXP 	cue: autoDraw = False
17.5037 	EXP 	target: autoDraw = False
17.5037 	EXP 	blank: autoDraw = True
17.6038 	EXP 	Device response: <KeyPress from None: t=17.496206998825073, value=left, duration=0.10698699951171875>
18.3412 	EXP 	New trial (rep=0, index=8): <Trial 8 (8 in rep 0) data={'cueType': 'exogenous', 'validity': 'valid', 'cueSide': 'right', 'targetSide': 'right', 'cueFile': 'posner/cue_box.png', 'thisN': 8, 'thisTrialN': 8, 'thisRepN': 0}>
18.3422 	EXP 	CODE: 0 TRIGGER: (FIX_ONSET) TIMESTAMP: 21.387344
18.3457 	EXP 	blank: autoDraw = False
18.3457 	EXP 	blank: autoDraw = False
18.3457 	EXP 	cue: image = 'posner/cue_box.png'
18.3457 	EXP 	target: image = 'posner/target_dot.png'
18.3457 	EXP 	fixation: autoDraw = True
18.3457 	EXP 	boxLeft: autoDraw = True
18.3457 	EXP 	boxRight: autoDraw = True
18.8292 	EXP 	cue: autoDraw = True
18.8416 	EXP 	CODE: 12 TRIGGER: (CUE_RIGHT) TIMESTAMP: 21.886731
18.9164 	EXP 	cue: autoDraw = False
19.4376 	INFO 	Keyboard events cleared
19.4376 	EXP 	target: autoDraw = True
19.4499 	EXP 	CODE: 22 TRIGGER: (TARGET_RIGHT) TIMESTAMP: 22.495003
19.6793 	EXP 	Device response: <KeyPress from None: t=19.67876386642456, value=right, duration=None>
19.6794 	EXP 	CODE: 31 TRIGGER: (RESPONSE_CORRECT) TIMESTAMP: 22.724508
19.6794 	EXP 	CODE: 40 TRIGGER: (ITI_ONSET) TIMESTAMP: 22.724540
19.6796 	DATA 	Keypress: right
19.6833 	EXP 	fixation: autoDraw = False
19.6833 	EXP 	boxLeft: autoDraw = False
19.6833 	EXP 	boxRight: autoDraw = False
19.6833 	EXP 	cue: autoDraw = False
19.6833 	EXP 	target: autoDraw = False
19.6833 	EXP 	blank: autoDraw = True
19.7709 	EXP 	Device response: <KeyPress from None: t=19.67876386642456, value=right, duration=0.09177732467651367>
20.4965 	EXP 	New trial (rep=0, index=9): <Trial 9 (9 in rep 0) data={'cueType': 'endogenous', 'validity': 'valid', 'cueSide': 'left', 'targetSide': 'left', 'cueFile': 'posner/cue_arrow_left.png', 'thisN': 9, 'thisTrialN': 9, 'thisRepN': 0}>
20.4977 	EXP 	CODE: 0 TRIGGER: (FIX_ONSET) TIMESTAMP: 23.542869
20.5002 	EXP 	blank: autoDraw = False
20.5002 	EXP 	blank: autoDraw = False
20.5002 	EXP 	cue: image = 'posner/cue_arrow_left.png'
20.5002 	EXP 	target: image = 'posner/target_dot.png'
20.5002 	EXP 	fixation: autoDraw = True
20.5002 	EXP 	boxLeft: autoDraw = True
20.5002 	EXP 	boxRight: autoDraw = True
20.9837 	EXP 	cue: autoDraw = True
21.0006 	EXP 	CODE: 11 TRIGGER: (CUE_LEFT) TIMESTAMP: 24.045774
21.0712 	EXP 	cue: autoDraw = False
21.4923 	INFO 	Keyboard events cleared
21.4922 	EXP 	target: autoDraw = True
21.5048 	EXP 	CODE: 21 TRIGGER: (TARGET_LEFT) TIMESTAMP: 24.549891
21.6924 	EXP 	Device response: <KeyPress from None: t=21.68870782852173, value=left, duration=None>
21.6924 	EXP 	CODE: 31 TRIGGER: (RESPONSE_CORRECT) TIMESTAMP: 24.737561
21.6925 	EXP 	CODE: 40 TRIGGER: (ITI_ONSET) TIMESTAMP: 24.737591
21.6926 	DATA 	Keypress: left
21.6965 	EXP 	fixation: autoDraw = False
21.6965 	EXP 	boxLeft: autoDraw = False
21.6965 	EXP 	boxRight: autoDraw = False
21.6965 	EXP 	cue: autoDraw = False
21.6965 	EXP 	target: autoDraw = False
21.6965 	EXP 	blank: autoDraw = True
21.8012 	EXP 	Device response: <KeyPress from None: t=21.68870782852173, value=left, duration=0.10797643661499023>
22.5302 	EXP 	New trial (rep=0, index=10): <Trial 10 (10 in rep 0) data={'cueType': 'endogenous', 'validity': 'valid', 'cueSide': 'right', 'targetSide': 'right', 'cueFile': 'posner/cue_arrow_right.png', 'thisN': 10, 'thisTrialN': 10, 'thisRepN': 0}>
22.5310 	EXP 	CODE: 0 TRIGGER: (FIX_ONSET) TIMESTAMP: 25.576108
22.5343 	EXP 	blank: autoDraw = False
22.5343 	EXP 	blank: autoDraw = False
22.5343 	EXP 	cue: image = 'posner/cue_arrow_right.png'
22.5343 	EXP 	target: image = 'posner/target_dot.png'
22.5343 	EXP 	fixation: autoDraw = True
22.5343 	EXP 	boxLeft: autoDraw = True
22.5343 	EXP 	boxRight: autoDraw = True
23.0178 	EXP 	cue: autoDraw = True
23.0303 	EXP 	CODE: 12 TRIGGER: (CUE_RIGHT) TIMESTAMP: 26.075424
23.1053 	EXP 	cue: autoDraw = False
23.4805 	INFO 	Keyboard events cleared
23.4805 	EXP 	target: autoDraw = True
23.4930 	EXP 	CODE: 22 TRIGGER: (TARGET_RIGHT) TIMESTAMP: 26.538114
23.6930 	EXP 	Device response: <KeyPress from None: t=23.689945220947266, value=right, duration=None>
23.6931 	EXP 	CODE: 31 TRIGGER: (RESPONSE_CORRECT) TIMESTAMP: 26.738241
23.6931 	EXP 	CODE: 40 TRIGGER: (ITI_ONSET) TIMESTAMP: 26.738272
23.6933 	DATA 	Keypress: right
23.6972 	EXP 	fixation: autoDraw = False
23.6972 	EXP 	boxLeft: autoDraw = False
23.6972 	EXP 	boxRight: autoDraw = False
23.6972 	EXP 	cue: autoDraw = False
23.6972 	EXP 	target: autoDraw = False
23.6972 	EXP 	blank: autoDraw = True
23.8181 	EXP 	Device response: <KeyPress from None: t=23.689945220947266, value=right, duration=0.1269831657409668>
24.5434 	EXP 	New trial (rep=0, index=11): <Trial 11 (11 in rep 0) data={'cueType': 'endogenous', 'validity': 'valid', 'cueSide': 'right', 'targetSide': 'right', 'cueFile': 'posner/cue_arrow_right.png', 'thisN': 11, 'thisTrialN': 11, 'thisRepN': 0}>
24.5441 	EXP 	CODE: 0 TRIGGER: (FIX_ONSET) TIMESTAMP: 27.589218
24.5475 	EXP 	blank: autoDraw = False
24.5475 	EXP 	blank: autoDraw = False
24.5475 	EXP 	cue: image = 'posner/cue_arrow_right.png'
24.5475 	EXP 	target: image = 'posner/target_dot.png'
24.5475 	EXP 	fixation: autoDraw = True
24.5475 	EXP 	boxLeft: autoDraw = True
24.5475 	EXP 	boxRight: autoDraw = True
25.0310 	EXP 	cue: autoDraw = True
25.0438 	EXP 	CODE: 12 TRIGGER: (CUE_RIGHT) TIMESTAMP: 28.088911
25.1188 	EXP 	cue: autoDraw = False
25.3895 	INFO 	Keyboard events cleared
25.3894 	EXP 	target: autoDraw = True
25.4061 	EXP 	CODE: 22 TRIGGER: (TARGET_RIGHT) TIMESTAMP: 28.451272
25.6438 	EXP 	Device response: <KeyPress from None: t=25.643173456192017, value=right, duration=None>
25.6438 	EXP 	CODE: 31 TRIGGER: (RESPONSE_CORRECT) TIMESTAMP: 28.688948
25.6438 	EXP 	CODE: 40 TRIGGER: (ITI_ONSET) TIMESTAMP: 28.688982
25.6440 	DATA 	Keypress: right
25.6479 	EXP 	fixation: autoDraw = False
25.6479 	EXP 	boxLeft: autoDraw = False
25.6479 	EXP 	boxRight: autoDraw = False
25.6479 	EXP 	cue: autoDraw = False
25.6479 	EXP 	target: autoDraw = False
25.6479 	EXP 	blank: autoDraw = True
25.7692 	EXP 	Device response: <KeyPress from None: t=25.643173456192017, value=right, duration=0.1239769458770752>
26.4732 	EXP 	New trial (rep=0, index=12): <Trial 12 (12 in rep 0) data={'cueType': 'exogenous', 'validity': 'invalid', 'cueSide': 'right', 'targetSide': 'left', 'cueFile': 'posner/cue_box.png', 'thisN': 12, 'thisTrialN': 12, 'thisRepN': 0}>
26.4742 	EXP 	CODE: 0 TRIGGER: (FIX_ONSET) TIMESTAMP: 29.519375
26.4773 	EXP 	blank: autoDraw = False
26.4773 	EXP 	blank: autoDraw = False
26.4773 	EXP 	cue: image = 'posner/cue_box.png'
26.4773 	EXP 	target: image = 'posner/target_dot.png'
26.4773 	EXP 	fixation: autoDraw = True
26.4773 	EXP 	boxLeft: autoDraw = True
26.4773 	EXP 	boxRight: autoDraw = True
26.9608 	EXP 	cue: autoDraw = True
26.9733 	EXP 	CODE: 12 TRIGGER: (CUE_RIGHT) TIMESTAMP: 30.018471
27.0483 	EXP 	cue: autoDraw = False
27.2985 	INFO 	Keyboard events cleared
27.2984 	EXP 	target: autoDraw = True
27.3152 	EXP 	CODE: 21 TRIGGER: (TARGET_LEFT) TIMESTAMP: 30.360299
27.6277 	EXP 	Device response: <KeyPress from None: t=27.625408172607422, value=left, duration=None>
27.6278 	EXP 	CODE: 31 TRIGGER: (RESPONSE_CORRECT) TIMESTAMP: 30.672938
27.6278 	EXP 	CODE: 40 TRIGGER: (ITI_ONSET) TIMESTAMP: 30.672970
27.6280 	DATA 	Keypress: left
27.6319 	EXP 	fixation: autoDraw = False
27.6319 	EXP 	boxLeft: autoDraw = False
27.6319 	EXP 	boxRight: autoDraw = False
27.6319 	EXP 	cue: autoDraw = False
27.6319 	EXP 	target: autoDraw = False
27.6319 	EXP 	blank: autoDraw = True
27.7445 	EXP 	Device response: <KeyPress from None: t=27.625408172607422, value=left, duration=0.11698770523071289>
28.4573 	EXP 	New trial (rep=0, index=13): <Trial 13 (13 in rep 0) data={'cueType': 'endogenous', 'validity': 'valid', 'cueSide': 'right', 'targetSide': 'right', 'cueFile': 'posner/cue_arrow_right.png', 'thisN': 13, 'thisTrialN': 13, 'thisRepN': 0}>
28.4583 	EXP 	CODE: 0 TRIGGER: (FIX_ONSET) TIMESTAMP: 31.503461
28.4613 	EXP 	blank: autoDraw = False
28.4613 	EXP 	blank: autoDraw = False
28.4613 	EXP 	cue: image = 'posner/cue_arrow_right.png'
28.4613 	EXP 	target: image = 'posner/target_dot.png'
28.4613 	EXP 	fixation: autoDraw = True
28.4613 	EXP 	boxLeft: autoDraw = True
28.4613 	EXP 	boxRight: autoDraw = True
28.9450 	EXP 	cue: autoDraw = True
28.9574 	EXP 	CODE: 12 TRIGGER: (CUE_RIGHT) TIMESTAMP: 32.002504
29.0324 	EXP 	cue: autoDraw = False
29.4242 	INFO 	Keyboard events cleared
29.4241 	EXP 	target: autoDraw = True
29.4370 	EXP 	CODE: 22 TRIGGER: (TARGET_RIGHT) TIMESTAMP: 32.482130
29.6622 	EXP 	Device response: <KeyPress from None: t=29.65964651107788, value=right, duration=None>
29.6622 	EXP 	CODE: 31 TRIGGER: (RESPONSE_CORRECT) TIMESTAMP: 32.707371
29.6623 	EXP 	CODE: 40 TRIGGER: (ITI_ONSET) TIMESTAMP: 32.707404
29.6624 	DATA 	Keypress: right
29.6659 	EXP 	fixation: autoDraw = False
29.6659 	EXP 	boxLeft: autoDraw = False
29.6659 	EXP 	boxRight: autoDraw = False
29.6659 	EXP 	cue: autoDraw = False
29.6659 	EXP 	target: autoDraw = False
29.6659 	EXP 	blank: autoDraw = True
29.7702 	EXP 	Device response: <KeyPress from None: t=29.65964651107788, value=right, duration=0.10797977447509766>
30.4541 	EXP 	New trial (rep=0, index=14): <Trial 14 (14 in rep 0) data={'cueType': 'endogenous', 'validity': 'valid', 'cueSide': 'left', 'targetSide': 'left', 'cueFile': 'posner/cue_arrow_left.png', 'thisN': 14, 'thisTrialN': 14, 'thisRepN': 0}>
30.4549 	EXP 	CODE: 0 TRIGGER: (FIX_ONSET) TIMESTAMP: 33.500026
30.4578 	EXP 	blank: autoDraw = False
30.4578 	EXP 	blank: autoDraw = False
30.4578 	EXP 	cue: image = 'posner/cue_arrow_left.png'
30.4578 	EXP 	target: image = 'posner/target_dot.png'
30.4578 	EXP 	fixation: autoDraw = True
30.4578 	EXP 	boxLeft: autoDraw = True
30.4578 	EXP 	boxRight: autoDraw = True
30.9414 	EXP 	cue: autoDraw = True
30.9581 	EXP 	CODE: 11 TRIGGER: (CUE_LEFT) TIMESTAMP: 34.003207
31.0292 	EXP 	cue: autoDraw = False
31.5999 	INFO 	Keyboard events cleared
31.5999 	EXP 	target: autoDraw = True
31.6127 	EXP 	CODE: 21 TRIGGER: (TARGET_LEFT) TIMESTAMP: 34.657839
31.8462 	EXP 	Device response: <KeyPress from None: t=31.843897819519043, value=left, duration=None>
31.8463 	EXP 	CODE: 31 TRIGGER: (RESPONSE_CORRECT) TIMESTAMP: 34.891434
31.8463 	EXP 	CODE: 40 TRIGGER: (ITI_ONSET) TIMESTAMP: 34.891467
31.8465 	DATA 	Keypress: left
31.8500 	EXP 	fixation: autoDraw = False
31.8500 	EXP 	boxLeft: autoDraw = False
31.8500 	EXP 	boxRight: autoDraw = False
31.8500 	EXP 	cue: autoDraw = False
31.8500 	EXP 	target: autoDraw = False
31.8500 	EXP 	blank: autoDraw = True
31.9584 	EXP 	Device response: <KeyPress from None: t=31.843897819519043, value=left, duration=0.11299967765808105>
32.6967 	EXP 	New trial (rep=0, index=15): <Trial 15 (15 in rep 0) data={'cueType': 'endogenous', 'validity': 'invalid', 'cueSide': 'left', 'targetSide': 'right', 'cueFile': 'posner/cue_arrow_right.png', 'thisN': 15, 'thisTrialN': 15, 'thisRepN': 0}>
32.6974 	EXP 	CODE: 0 TRIGGER: (FIX_ONSET) TIMESTAMP: 35.742516
32.7003 	EXP 	blank: autoDraw = False
32.7003 	EXP 	blank: autoDraw = False
32.7003 	EXP 	cue: image = 'posner/cue_arrow_right.png'
32.7003 	EXP 	target: image = 'posner/target_dot.png'
32.7003 	EXP 	fixation: autoDraw = True
32.7003 	EXP 	boxLeft: autoDraw = True
32.7003 	EXP 	boxRight: autoDraw = True
33.1838 	EXP 	cue: autoDraw = True
33.2005 	EXP 	CODE: 11 TRIGGER: (CUE_LEFT) TIMESTAMP: 36.245613
33.2713 	EXP 	cue: autoDraw = False
33.6590 	INFO 	Keyboard events cleared
33.6589 	EXP 	target: autoDraw = True
33.6715 	EXP 	CODE: 22 TRIGGER: (TARGET_RIGHT) TIMESTAMP: 36.716611
33.9093 	DATA 	Keypress: right
33.9133 	EXP 	Device response: <KeyPress from None: t=33.90915131568909, value=right, duration=None>
33.9133 	EXP 	CODE: 31 TRIGGER: (RESPONSE_CORRECT) TIMESTAMP: 36.958456
33.9134 	EXP 	CODE: 40 TRIGGER: (ITI_ONSET) TIMESTAMP: 36.958489
33.9174 	EXP 	fixation: autoDraw = False
33.9174 	EXP 	boxLeft: autoDraw = False
33.9174 	EXP 	boxRight: autoDraw = False
33.9174 	EXP 	cue: autoDraw = False
33.9174 	EXP 	target: autoDraw = False
33.9174 	EXP 	blank: autoDraw = True
34.0133 	EXP 	Device response: <KeyPress from None: t=33.90915131568909, value=right, duration=0.09997892379760742>
34.7636 	EXP 	New trial (rep=0, index=16): <Trial 16 (16 in rep 0) data={'cueType': 'exogenous', 'validity': 'valid', 'cueSide': 'left', 'targetSide': 'left', 'cueFile': 'posner/cue_box.png', 'thisN': 16, 'thisTrialN': 16, 'thisRepN': 0}>
34.7646 	EXP 	CODE: 0 TRIGGER: (FIX_ONSET) TIMESTAMP: 37.809752
34.7677 	EXP 	blank: autoDraw = False
34.7677 	EXP 	blank: autoDraw = False
34.7677 	EXP 	cue: image = 'posner/cue_box.png'
34.7677 	EXP 	target: image = 'posner/target_dot.png'
34.7677 	EXP 	fixation: autoDraw = True
34.7677 	EXP 	boxLeft: autoDraw = True
34.7677 	EXP 	boxRight: autoDraw = True
35.2512 	EXP 	cue: autoDraw = True
35.2637 	EXP 	CODE: 11 TRIGGER: (CUE_LEFT) TIMESTAMP: 38.308820
35.3389 	EXP 	cue: autoDraw = False
35.7514 	INFO 	Keyboard events cleared
35.7513 	EXP 	target: autoDraw = True
35.7639 	EXP 	CODE: 21 TRIGGER: (TARGET_LEFT) TIMESTAMP: 38.809002
35.9931 	EXP 	Device response: <KeyPress from None: t=35.989389419555664, value=left, duration=None>
35.9932 	EXP 	CODE: 31 TRIGGER: (RESPONSE_CORRECT) TIMESTAMP: 39.038333
35.9932 	EXP 	CODE: 40 TRIGGER: (ITI_ONSET) TIMESTAMP: 39.038367
35.9934 	DATA 	Keypress: left
35.9972 	EXP 	fixation: autoDraw = False
35.9972 	EXP 	boxLeft: autoDraw = False
35.9972 	EXP 	boxRight: autoDraw = False
35.9972 	EXP 	cue: autoDraw = False
35.9972 	EXP 	target: autoDraw = False
35.9972 	EXP 	blank: autoDraw = True
36.1140 	EXP 	Device response: <KeyPress from None: t=35.989389419555664, value=left, duration=0.12399411201477051>
36.7935 	EXP 	New trial (rep=0, index=17): <Trial 17 (17 in rep 0) data={'cueType': 'endogenous', 'validity': 'valid', 'cueSide': 'left', 'targetSide': 'left', 'cueFile': 'posner/cue_arrow_left.png', 'thisN': 17, 'thisTrialN': 17, 'thisRepN': 0}>
36.7946 	EXP 	CODE: 0 TRIGGER: (FIX_ONSET) TIMESTAMP: 39.839764
36.7975 	EXP 	blank: autoDraw = False
36.7975 	EXP 	blank: autoDraw = False
36.7975 	EXP 	cue: image = 'posner/cue_arrow_left.png'
36.7975 	EXP 	target: image = 'posner/target_dot.png'
36.7975 	EXP 	fixation: autoDraw = True
36.7975 	EXP 	boxLeft: autoDraw = True
36.7975 	EXP 	boxRight: autoDraw = True
37.2811 	EXP 	cue: autoDraw = True
37.2936 	EXP 	CODE: 11 TRIGGER: (CUE_LEFT) TIMESTAMP: 40.338733
37.3686 	EXP 	cue: autoDraw = False
37.9146 	INFO 	Keyboard events cleared
37.9146 	EXP 	target: autoDraw = True
37.9272 	EXP 	CODE: 21 TRIGGER: (TARGET_LEFT) TIMESTAMP: 40.972320
38.1314 	EXP 	Device response: <KeyPress from None: t=38.130637645721436, value=left, duration=None>
38.1315 	EXP 	CODE: 31 TRIGGER: (RESPONSE_CORRECT) TIMESTAMP: 41.176628
38.1315 	EXP 	CODE: 40 TRIGGER: (ITI_ONSET) TIMESTAMP: 41.176661
38.1317 	DATA 	Keypress: left
38.1355 	EXP 	fixation: autoDraw = False
38.1355 	EXP 	boxLeft: autoDraw = False
38.1355 	EXP 	boxRight: autoDraw = False
38.1355 	EXP 	cue: autoDraw = False
38.1355 	EXP 	target: autoDraw = False
38.1355 	EXP 	blank: autoDraw = True
38.2481 	EXP 	Device response: <KeyPress from None: t=38.130637645721436, value=left, duration=0.11498570442199707>
38.9610 	EXP 	New trial (rep=0, index=18): <Trial 18 (18 in rep 0) data={'cueType': 'exogenous', 'validity': 'invalid', 'cueSide': 'left', 'targetSide': 'right', 'cueFile': 'posner/cue_box.png', 'thisN': 18, 'thisTrialN': 18, 'thisRepN': 0}>
38.9619 	EXP 	CODE: 0 TRIGGER: (FIX_ONSET) TIMESTAMP: 42.007078
38.9650 	EXP 	blank: autoDraw = False
38.9650 	EXP 	blank: autoDraw = False
38.9650 	EXP 	cue: image = 'posner/cue_box.png'
38.9650 	EXP 	target: image = 'posner/target_dot.png'
38.9650 	EXP 	fixation: autoDraw = True
38.9650 	EXP 	boxLeft: autoDraw = True
38.9650 	EXP 	boxRight: autoDraw = True
39.4485 	EXP 	cue: autoDraw = True
39.4652 	EXP 	CODE: 11 TRIGGER: (CUE_LEFT) TIMESTAMP: 42.510334
39.5364 	EXP 	cue: autoDraw = False
40.0530 	INFO 	Keyboard events cleared
40.0530 	EXP 	target: autoDraw = True
40.0654 	EXP 	CODE: 22 TRIGGER: (TARGET_RIGHT) TIMESTAMP: 43.110522
40.3822 	EXP 	Device response: <KeyPress from None: t=40.38189458847046, value=right, duration=None>
40.3822 	EXP 	CODE: 31 TRIGGER: (RESPONSE_CORRECT) TIMESTAMP: 43.427362
40.3823 	EXP 	CODE: 40 TRIGGER: (ITI_ONSET) TIMESTAMP: 43.427395
40.3824 	DATA 	Keypress: right
40.3863 	EXP 	fixation: autoDraw = False
40.3863 	EXP 	boxLeft: autoDraw = False
40.3863 	EXP 	boxRight: autoDraw = False
40.3863 	EXP 	cue: autoDraw = False
40.3863 	EXP 	target: autoDraw = False
40.3863 	EXP 	blank: autoDraw = True
40.5323 	EXP 	Device response: <KeyPress from None: t=40.38189458847046, value=right, duration=0.14722752571105957>
41.2075 	EXP 	New trial (rep=0, index=19): <Trial 19 (19 in rep 0) data={'cueType': 'endogenous', 'validity': 'valid', 'cueSide': 'left', 'targetSide': 'left', 'cueFile': 'posner/cue_arrow_left.png', 'thisN': 19, 'thisTrialN': 19, 'thisRepN': 0}>
41.2086 	EXP 	CODE: 0 TRIGGER: (FIX_ONSET) TIMESTAMP: 44.253763
41.2115 	EXP 	blank: autoDraw = False
41.2115 	EXP 	blank: autoDraw = False
41.2115 	EXP 	cue: image = 'posner/cue_arrow_left.png'
41.2115 	EXP 	target: image = 'posner/target_dot.png'
41.2115 	EXP 	fixation: autoDraw = True
41.2115 	EXP 	boxLeft: autoDraw = True
41.2115 	EXP 	boxRight: autoDraw = True
41.6951 	EXP 	cue: autoDraw = True
41.7076 	EXP 	CODE: 11 TRIGGER: (CUE_LEFT) TIMESTAMP: 44.752730
41.7826 	EXP 	cue: autoDraw = False
42.0494 	INFO 	Keyboard events cleared
42.0494 	EXP 	target: autoDraw = True
42.0626 	EXP 	CODE: 21 TRIGGER: (TARGET_LEFT) TIMESTAMP: 45.107721
42.3627 	EXP 	Device response: <KeyPress from None: t=42.36113977432251, value=left, duration=None>
42.3628 	EXP 	CODE: 31 TRIGGER: (RESPONSE_CORRECT) TIMESTAMP: 45.407949
42.3628 	EXP 	CODE: 40 TRIGGER: (ITI_ONSET) TIMESTAMP: 45.407983
42.3630 	DATA 	Keypress: left
42.3662 	EXP 	fixation: autoDraw = False
42.3662 	EXP 	boxLeft: autoDraw = False
42.3662 	EXP 	boxRight: autoDraw = False
42.3662 	EXP 	cue: autoDraw = False
42.3662 	EXP 	target: autoDraw = False
42.3662 	EXP 	blank: autoDraw = True
42.4829 	EXP 	Device response: <KeyPress from None: t=42.36113977432251, value=left, duration=0.11898088455200195>
43.1915 	EXP 	New trial (rep=0, index=20): <Trial 20 (20 in rep 0) data={'cueType': 'endogenous', 'validity': 'valid', 'cueSide': 'right', 'targetSide': 'right', 'cueFile': 'posner/cue_arrow_right.png', 'thisN': 20, 'thisTrialN': 20, 'thisRepN': 0}>
43.1923 	EXP 	CODE: 0 TRIGGER: (FIX_ONSET) TIMESTAMP: 46.237381
43.1959 	EXP 	blank: autoDraw = False
43.1959 	EXP 	blank: autoDraw = False
43.1959 	EXP 	cue: image = 'posner/cue_arrow_right.png'
43.1959 	EXP 	target: image = 'posner/target_dot.png'
43.1959 	EXP 	fixation: autoDraw = True
43.1959 	EXP 	boxLeft: autoDraw = True
43.1959 	EXP 	boxRight: autoDraw = True
43.6794 	EXP 	cue: autoDraw = True
43.6916 	EXP 	CODE: 12 TRIGGER: (CUE_RIGHT) TIMESTAMP: 46.736759
43.7666 	EXP 	cue: autoDraw = False
44.0466 	INFO 	Keyboard events cleared
44.0466 	EXP 	target: autoDraw = True
44.0584 	EXP 	CODE: 22 TRIGGER: (TARGET_RIGHT) TIMESTAMP: 47.103577
44.2752 	EXP 	Device response: <KeyPress from None: t=44.27236557006836, value=right, duration=None>
44.2753 	EXP 	CODE: 31 TRIGGER: (RESPONSE_CORRECT) TIMESTAMP: 47.320432
44.2753 	EXP 	CODE: 40 TRIGGER: (ITI_ONSET) TIMESTAMP: 47.320466
44.2755 	DATA 	Keypress: right
44.2796 	EXP 	fixation: autoDraw = False
44.2796 	EXP 	boxLeft: autoDraw = False
44.2796 	EXP 	boxRight: autoDraw = False
44.2796 	EXP 	cue: autoDraw = False
44.2796 	EXP 	target: autoDraw = False
44.2796 	EXP 	blank: autoDraw = True
44.3797 	EXP 	Device response: <KeyPress from None: t=44.27236557006836, value=right, duration=0.10496878623962402>
45.1130 	INFO 	Keyboard events cleared
45.1129 	EXP 	blank: autoDraw = False
45.1129 	EXP 	blank: autoDraw = False
45.1129 	EXP 	endText: autoDraw = True
46.1508 	EXP 	Device response: <KeyPress from None: t=46.147573471069336, value=return, duration=None>
46.1510 	DATA 	Keypress: return
46.1551 	EXP 	endText: autoDraw = False
46.1552 	EXP 	posner_task: status = STOPPED
46.1600 	INFO 	saved data to '/home/jeroen/Documents/GitHub/nccr_task_2/data/259647_posner_task_2026-09-12_16h11.17.261.csv'
46.1602 	INFO 	saved data to /home/jeroen/Documents/GitHub/nccr_task_2/data/259647_posner_task_2026-09-12_16h11.17.261.psydat
46.1879 	INFO 	Stopping keyboard key buffers.
